mode: set
github.com/swanden/ai-challenge-advanced/week-1/task-3/notes-api/internal/storage/memory.go:22.34,24.2 1 1
github.com/swanden/ai-challenge-advanced/week-1/task-3/notes-api/internal/storage/memory.go:29.69,34.2 4 1
github.com/swanden/ai-challenge-advanced/week-1/task-3/notes-api/internal/storage/memory.go:37.77,41.9 4 1
github.com/swanden/ai-challenge-advanced/week-1/task-3/notes-api/internal/storage/memory.go:41.9,43.3 1 1
github.com/swanden/ai-challenge-advanced/week-1/task-3/notes-api/internal/storage/memory.go:44.2,44.15 1 1
github.com/swanden/ai-challenge-advanced/week-1/task-3/notes-api/internal/storage/memory.go:48.69,51.33 3 1
github.com/swanden/ai-challenge-advanced/week-1/task-3/notes-api/internal/storage/memory.go:51.33,53.3 1 1
github.com/swanden/ai-challenge-advanced/week-1/task-3/notes-api/internal/storage/memory.go:54.2,55.12 2 1
github.com/swanden/ai-challenge-advanced/week-1/task-3/notes-api/internal/storage/memory.go:59.67,62.31 3 1
github.com/swanden/ai-challenge-advanced/week-1/task-3/notes-api/internal/storage/memory.go:62.31,64.3 1 1
github.com/swanden/ai-challenge-advanced/week-1/task-3/notes-api/internal/storage/memory.go:65.2,66.12 2 1
github.com/swanden/ai-challenge-advanced/week-1/task-3/notes-api/internal/storage/memory.go:71.69,76.28 4 1
github.com/swanden/ai-challenge-advanced/week-1/task-3/notes-api/internal/storage/memory.go:76.28,78.3 1 1
github.com/swanden/ai-challenge-advanced/week-1/task-3/notes-api/internal/storage/memory.go:79.2,79.38 1 1
github.com/swanden/ai-challenge-advanced/week-1/task-3/notes-api/internal/storage/memory.go:79.38,81.3 1 1
github.com/swanden/ai-challenge-advanced/week-1/task-3/notes-api/internal/storage/memory.go:82.2,82.17 1 1
github.com/swanden/ai-challenge-advanced/week-1/task-3/notes-api/cmd/notes-api/main.go:20.13,37.12 8 1
github.com/swanden/ai-challenge-advanced/week-1/task-3/notes-api/cmd/notes-api/main.go:37.12,39.87 2 1
github.com/swanden/ai-challenge-advanced/week-1/task-3/notes-api/cmd/notes-api/main.go:39.87,42.4 2 1
github.com/swanden/ai-challenge-advanced/week-1/task-3/notes-api/cmd/notes-api/main.go:45.2,50.50 5 1
github.com/swanden/ai-challenge-advanced/week-1/task-3/notes-api/cmd/notes-api/main.go:50.50,53.3 2 0
github.com/swanden/ai-challenge-advanced/week-1/task-3/notes-api/internal/note/deps.go:15.32,17.42 2 1
github.com/swanden/ai-challenge-advanced/week-1/task-3/notes-api/internal/note/deps.go:17.42,18.62 1 0
github.com/swanden/ai-challenge-advanced/week-1/task-3/notes-api/internal/note/deps.go:20.2,20.32 1 1
github.com/swanden/ai-challenge-advanced/week-1/task-3/notes-api/internal/note/deps.go:27.36,27.63 1 1
github.com/swanden/ai-challenge-advanced/week-1/task-3/notes-api/internal/note/note.go:59.73,61.2 1 1
github.com/swanden/ai-challenge-advanced/week-1/task-3/notes-api/internal/note/note.go:64.74,66.16 2 1
github.com/swanden/ai-challenge-advanced/week-1/task-3/notes-api/internal/note/note.go:66.16,68.3 1 1
github.com/swanden/ai-challenge-advanced/week-1/task-3/notes-api/internal/note/note.go:70.2,77.46 3 1
github.com/swanden/ai-challenge-advanced/week-1/task-3/notes-api/internal/note/note.go:77.46,79.3 1 1
github.com/swanden/ai-challenge-advanced/week-1/task-3/notes-api/internal/note/note.go:80.2,80.15 1 1
github.com/swanden/ai-challenge-advanced/week-1/task-3/notes-api/internal/note/note.go:84.69,86.2 1 1
github.com/swanden/ai-challenge-advanced/week-1/task-3/notes-api/internal/note/note.go:90.82,92.16 2 1
github.com/swanden/ai-challenge-advanced/week-1/task-3/notes-api/internal/note/note.go:92.16,94.3 1 1
github.com/swanden/ai-challenge-advanced/week-1/task-3/notes-api/internal/note/note.go:96.2,97.16 2 1
github.com/swanden/ai-challenge-advanced/week-1/task-3/notes-api/internal/note/note.go:97.16,99.3 1 1
github.com/swanden/ai-challenge-advanced/week-1/task-3/notes-api/internal/note/note.go:101.2,103.46 3 1
github.com/swanden/ai-challenge-advanced/week-1/task-3/notes-api/internal/note/note.go:103.46,105.3 1 1
github.com/swanden/ai-challenge-advanced/week-1/task-3/notes-api/internal/note/note.go:106.2,106.15 1 1
github.com/swanden/ai-challenge-advanced/week-1/task-3/notes-api/internal/note/note.go:110.64,112.2 1 1
github.com/swanden/ai-challenge-advanced/week-1/task-3/notes-api/internal/note/note.go:115.61,117.2 1 1
github.com/swanden/ai-challenge-advanced/week-1/task-3/notes-api/internal/httpapi/handler.go:31.63,42.2 9 1
github.com/swanden/ai-challenge-advanced/week-1/task-3/notes-api/internal/httpapi/handler.go:45.69,47.2 1 1
github.com/swanden/ai-challenge-advanced/week-1/task-3/notes-api/internal/httpapi/handler.go:54.66,56.61 2 1
github.com/swanden/ai-challenge-advanced/week-1/task-3/notes-api/internal/httpapi/handler.go:56.61,59.3 2 1
github.com/swanden/ai-challenge-advanced/week-1/task-3/notes-api/internal/httpapi/handler.go:61.2,62.16 2 1
github.com/swanden/ai-challenge-advanced/week-1/task-3/notes-api/internal/httpapi/handler.go:62.16,63.40 1 1
github.com/swanden/ai-challenge-advanced/week-1/task-3/notes-api/internal/httpapi/handler.go:63.40,66.4 2 1
github.com/swanden/ai-challenge-advanced/week-1/task-3/notes-api/internal/httpapi/handler.go:67.3,68.9 2 1
github.com/swanden/ai-challenge-advanced/week-1/task-3/notes-api/internal/httpapi/handler.go:70.2,70.52 1 1
github.com/swanden/ai-challenge-advanced/week-1/task-3/notes-api/internal/httpapi/handler.go:73.63,76.16 3 1
github.com/swanden/ai-challenge-advanced/week-1/task-3/notes-api/internal/httpapi/handler.go:76.16,77.39 1 1
github.com/swanden/ai-challenge-advanced/week-1/task-3/notes-api/internal/httpapi/handler.go:77.39,80.4 2 1
github.com/swanden/ai-challenge-advanced/week-1/task-3/notes-api/internal/httpapi/handler.go:81.3,82.9 2 1
github.com/swanden/ai-challenge-advanced/week-1/task-3/notes-api/internal/httpapi/handler.go:84.2,84.47 1 1
github.com/swanden/ai-challenge-advanced/week-1/task-3/notes-api/internal/httpapi/handler.go:91.66,94.61 3 1
github.com/swanden/ai-challenge-advanced/week-1/task-3/notes-api/internal/httpapi/handler.go:94.61,97.3 2 1
github.com/swanden/ai-challenge-advanced/week-1/task-3/notes-api/internal/httpapi/handler.go:98.2,99.16 2 1
github.com/swanden/ai-challenge-advanced/week-1/task-3/notes-api/internal/httpapi/handler.go:99.16,100.10 1 1
github.com/swanden/ai-challenge-advanced/week-1/task-3/notes-api/internal/httpapi/handler.go:101.42,102.75 1 1
github.com/swanden/ai-challenge-advanced/week-1/task-3/notes-api/internal/httpapi/handler.go:103.41,104.71 1 1
github.com/swanden/ai-challenge-advanced/week-1/task-3/notes-api/internal/httpapi/handler.go:105.11,106.89 1 1
github.com/swanden/ai-challenge-advanced/week-1/task-3/notes-api/internal/httpapi/handler.go:108.3,108.9 1 1
github.com/swanden/ai-challenge-advanced/week-1/task-3/notes-api/internal/httpapi/handler.go:110.2,110.47 1 1
github.com/swanden/ai-challenge-advanced/week-1/task-3/notes-api/internal/httpapi/handler.go:113.66,115.54 2 1
github.com/swanden/ai-challenge-advanced/week-1/task-3/notes-api/internal/httpapi/handler.go:115.54,116.39 1 1
github.com/swanden/ai-challenge-advanced/week-1/task-3/notes-api/internal/httpapi/handler.go:116.39,119.4 2 1
github.com/swanden/ai-challenge-advanced/week-1/task-3/notes-api/internal/httpapi/handler.go:120.3,121.9 2 1
github.com/swanden/ai-challenge-advanced/week-1/task-3/notes-api/internal/httpapi/handler.go:123.2,123.37 1 1
github.com/swanden/ai-challenge-advanced/week-1/task-3/notes-api/internal/httpapi/handler.go:126.64,128.16 2 1
github.com/swanden/ai-challenge-advanced/week-1/task-3/notes-api/internal/httpapi/handler.go:128.16,131.3 2 1
github.com/swanden/ai-challenge-advanced/week-1/task-3/notes-api/internal/httpapi/handler.go:132.2,132.51 1 1
github.com/swanden/ai-challenge-advanced/week-1/task-3/notes-api/internal/httpapi/handler.go:136.92,139.53 3 1
github.com/swanden/ai-challenge-advanced/week-1/task-3/notes-api/internal/httpapi/handler.go:139.53,141.3 1 1
github.com/swanden/ai-challenge-advanced/week-1/task-3/notes-api/internal/httpapi/handler.go:149.98,151.2 1 1
