mode: set
github.com/swanden/ai-challenge-advanced/week-1/task-3/notes-api/cmd/notes-api/main.go:20.13,37.12 8 0
github.com/swanden/ai-challenge-advanced/week-1/task-3/notes-api/cmd/notes-api/main.go:37.12,39.87 2 0
github.com/swanden/ai-challenge-advanced/week-1/task-3/notes-api/cmd/notes-api/main.go:39.87,42.4 2 0
github.com/swanden/ai-challenge-advanced/week-1/task-3/notes-api/cmd/notes-api/main.go:45.2,50.50 5 0
github.com/swanden/ai-challenge-advanced/week-1/task-3/notes-api/cmd/notes-api/main.go:50.50,53.3 2 0
github.com/swanden/ai-challenge-advanced/week-1/task-3/notes-api/internal/storage/memory.go:22.34,24.2 1 1
github.com/swanden/ai-challenge-advanced/week-1/task-3/notes-api/internal/storage/memory.go:29.69,34.2 4 1
github.com/swanden/ai-challenge-advanced/week-1/task-3/notes-api/internal/storage/memory.go:37.77,41.9 4 1
github.com/swanden/ai-challenge-advanced/week-1/task-3/notes-api/internal/storage/memory.go:41.9,43.3 1 1
github.com/swanden/ai-challenge-advanced/week-1/task-3/notes-api/internal/storage/memory.go:44.2,44.15 1 1
github.com/swanden/ai-challenge-advanced/week-1/task-3/notes-api/internal/storage/memory.go:48.69,51.33 3 1
github.com/swanden/ai-challenge-advanced/week-1/task-3/notes-api/internal/storage/memory.go:51.33,53.3 1 1
github.com/swanden/ai-challenge-advanced/week-1/task-3/notes-api/internal/storage/memory.go:54.2,55.12 2 1
github.com/swanden/ai-challenge-advanced/week-1/task-3/notes-api/internal/storage/memory.go:59.67,62.31 3 1
github.com/swanden/ai-challenge-advanced/week-1/task-3/notes-api/internal/storage/memory.go:62.31,64.3 1 1
github.com/swanden/ai-challenge-advanced/week-1/task-3/notes-api/internal/storage/memory.go:65.2,66.12 2 1
github.com/swanden/ai-challenge-advanced/week-1/task-3/notes-api/internal/storage/memory.go:71.69,76.28 4 1
github.com/swanden/ai-challenge-advanced/week-1/task-3/notes-api/internal/storage/memory.go:76.28,78.3 1 1
github.com/swanden/ai-challenge-advanced/week-1/task-3/notes-api/internal/storage/memory.go:79.2,79.38 1 1
github.com/swanden/ai-challenge-advanced/week-1/task-3/notes-api/internal/storage/memory.go:79.38,81.3 1 1
github.com/swanden/ai-challenge-advanced/week-1/task-3/notes-api/internal/storage/memory.go:82.2,82.17 1 1
github.com/swanden/ai-challenge-advanced/week-1/task-3/notes-api/internal/httpapi/handler.go:31.63,41.2 8 1
github.com/swanden/ai-challenge-advanced/week-1/task-3/notes-api/internal/httpapi/handler.go:44.69,46.2 1 1
github.com/swanden/ai-challenge-advanced/week-1/task-3/notes-api/internal/httpapi/handler.go:53.66,55.61 2 1
github.com/swanden/ai-challenge-advanced/week-1/task-3/notes-api/internal/httpapi/handler.go:55.61,58.3 2 1
github.com/swanden/ai-challenge-advanced/week-1/task-3/notes-api/internal/httpapi/handler.go:60.2,61.16 2 1
github.com/swanden/ai-challenge-advanced/week-1/task-3/notes-api/internal/httpapi/handler.go:61.16,62.40 1 1
github.com/swanden/ai-challenge-advanced/week-1/task-3/notes-api/internal/httpapi/handler.go:62.40,65.4 2 1
github.com/swanden/ai-challenge-advanced/week-1/task-3/notes-api/internal/httpapi/handler.go:66.3,67.9 2 1
github.com/swanden/ai-challenge-advanced/week-1/task-3/notes-api/internal/httpapi/handler.go:69.2,69.52 1 1
github.com/swanden/ai-challenge-advanced/week-1/task-3/notes-api/internal/httpapi/handler.go:72.63,75.16 3 1
github.com/swanden/ai-challenge-advanced/week-1/task-3/notes-api/internal/httpapi/handler.go:75.16,76.39 1 1
github.com/swanden/ai-challenge-advanced/week-1/task-3/notes-api/internal/httpapi/handler.go:76.39,79.4 2 1
github.com/swanden/ai-challenge-advanced/week-1/task-3/notes-api/internal/httpapi/handler.go:80.3,81.9 2 1
github.com/swanden/ai-challenge-advanced/week-1/task-3/notes-api/internal/httpapi/handler.go:83.2,83.47 1 1
github.com/swanden/ai-challenge-advanced/week-1/task-3/notes-api/internal/httpapi/handler.go:86.66,88.54 2 1
github.com/swanden/ai-challenge-advanced/week-1/task-3/notes-api/internal/httpapi/handler.go:88.54,89.39 1 1
github.com/swanden/ai-challenge-advanced/week-1/task-3/notes-api/internal/httpapi/handler.go:89.39,92.4 2 1
github.com/swanden/ai-challenge-advanced/week-1/task-3/notes-api/internal/httpapi/handler.go:93.3,94.9 2 1
github.com/swanden/ai-challenge-advanced/week-1/task-3/notes-api/internal/httpapi/handler.go:96.2,96.37 1 1
github.com/swanden/ai-challenge-advanced/week-1/task-3/notes-api/internal/httpapi/handler.go:99.64,101.16 2 1
github.com/swanden/ai-challenge-advanced/week-1/task-3/notes-api/internal/httpapi/handler.go:101.16,104.3 2 1
github.com/swanden/ai-challenge-advanced/week-1/task-3/notes-api/internal/httpapi/handler.go:105.2,105.51 1 1
github.com/swanden/ai-challenge-advanced/week-1/task-3/notes-api/internal/httpapi/handler.go:109.92,112.53 3 1
github.com/swanden/ai-challenge-advanced/week-1/task-3/notes-api/internal/httpapi/handler.go:112.53,114.3 1 1
github.com/swanden/ai-challenge-advanced/week-1/task-3/notes-api/internal/httpapi/handler.go:122.98,124.2 1 1
github.com/swanden/ai-challenge-advanced/week-1/task-3/notes-api/internal/note/deps.go:15.32,17.42 2 1
github.com/swanden/ai-challenge-advanced/week-1/task-3/notes-api/internal/note/deps.go:17.42,18.62 1 0
github.com/swanden/ai-challenge-advanced/week-1/task-3/notes-api/internal/note/deps.go:20.2,20.32 1 1
github.com/swanden/ai-challenge-advanced/week-1/task-3/notes-api/internal/note/deps.go:27.36,27.63 1 1
github.com/swanden/ai-challenge-advanced/week-1/task-3/notes-api/internal/note/note.go:59.73,61.2 1 1
github.com/swanden/ai-challenge-advanced/week-1/task-3/notes-api/internal/note/note.go:64.74,66.16 2 1
github.com/swanden/ai-challenge-advanced/week-1/task-3/notes-api/internal/note/note.go:66.16,68.3 1 1
github.com/swanden/ai-challenge-advanced/week-1/task-3/notes-api/internal/note/note.go:70.2,77.46 3 1
github.com/swanden/ai-challenge-advanced/week-1/task-3/notes-api/internal/note/note.go:77.46,79.3 1 1
github.com/swanden/ai-challenge-advanced/week-1/task-3/notes-api/internal/note/note.go:80.2,80.15 1 1
github.com/swanden/ai-challenge-advanced/week-1/task-3/notes-api/internal/note/note.go:84.69,86.2 1 1
github.com/swanden/ai-challenge-advanced/week-1/task-3/notes-api/internal/note/note.go:89.64,91.2 1 1
github.com/swanden/ai-challenge-advanced/week-1/task-3/notes-api/internal/note/note.go:94.61,96.2 1 1
